{
 "FIORA-OS v0.1.0": {
  "P1_MURU": 0.1265208588673573,
  "P1_comparator": 0.2045525290943879,
  "ratio": 0.6185250283998006,
  "diff": -0.07803167022703059,
  "ratio_ci95": [
   0.5933494474687819,
   0.6456243794291179
  ],
  "diff_ci95": [
   -0.08525375163895445,
   -0.07067310290546096
  ],
  "ratio_ci_adjusted": [
   0.5880023889354549,
   0.6515864099207656
  ],
  "adjusted_level": 0.9833333333333333,
  "k": 3,
  "decision": "MURU_SUPERIOR",
  "practical_descriptor": "ratio <= 0.95 (practically meaningful MURU advantage)",
  "MRMSE_diff_ci95": [
   -0.07547807970197569,
   -0.06246010923299858
  ],
  "AF_diff_ci95": [
   -0.2863568215892054,
   -0.22381113292675356
  ],
  "n_clusters": 1254,
  "n_boot": 10000,
  "seed": 20260915
 },
 "ICEBERG 2.1": {
  "P1_MURU": 0.1265208588673573,
  "P1_comparator": 0.16207661122657088,
  "ratio": 0.7806237921058868,
  "diff": -0.03555575235921357,
  "ratio_ci95": [
   0.7479332158402354,
   0.8145964933189334
  ],
  "diff_ci95": [
   -0.0417773682132602,
   -0.029327050105031425
  ],
  "ratio_ci_adjusted": [
   0.7413809522721292,
   0.8227851428285563
  ],
  "adjusted_level": 0.9833333333333333,
  "k": 3,
  "decision": "MURU_SUPERIOR",
  "practical_descriptor": "ratio <= 0.95 (practically meaningful MURU advantage)",
  "MRMSE_diff_ci95": [
   -0.03590982972348868,
   -0.024454707651861293
  ],
  "AF_diff_ci95": [
   -0.15690766107274826,
   -0.09793313460421642
  ],
  "n_clusters": 1254,
  "n_boot": 10000,
  "seed": 20260915
 },
 "GLACIER": {
  "P1_MURU": 0.1265208588673573,
  "P1_comparator": 0.13838647907427712,
  "ratio": 0.9142573733626744,
  "diff": -0.011865620206919808,
  "ratio_ci95": [
   0.8729690416726522,
   0.9584434375450926
  ],
  "diff_ci95": [
   -0.018094975980718294,
   -0.005608629729563049
  ],
  "ratio_ci_adjusted": [
   0.8642490348666926,
   0.9679639174417177
  ],
  "adjusted_level": 0.9833333333333333,
  "k": 3,
  "decision": "MURU_SUPERIOR",
  "practical_descriptor": "ratio <= 0.95 (practically meaningful MURU advantage)",
  "MRMSE_diff_ci95": [
   -0.011695334149953864,
   -0.0004644538757390308
  ],
  "AF_diff_ci95": [
   -0.06727244126271799,
   -0.015651011846382287
  ],
  "n_clusters": 1254,
  "n_boot": 10000,
  "seed": 20260915
 }
}
