PRIMARY B1_MASS 0.25 0 0.1478 0.3
PRIMARY B1_MASS 0.25 1 0.1515 0.3
PRIMARY B1_MASS 0.25 2 0.1504 0.3
PRIMARY B1_MASS 0.5 0 0.1464 0.4
PRIMARY B1_MASS 0.5 1 0.147 0.4
PRIMARY B1_MASS 0.5 2 0.1531 0.4
PRIMARY B1_MASS 0.75 0 0.1468 0.5
PRIMARY B1_MASS 0.75 1 0.1455 0.5
PRIMARY B1_MASS 0.75 2 0.1479 0.5
PRIMARY B1_MASS 1.0 0 0.1464 0.6
PRIMARY TA_RIDGE 0.25 0 0.1351 0.1
PRIMARY TA_RIDGE 0.25 1 0.134 0.1
PRIMARY TA_RIDGE 0.25 2 0.1393 0.1
PRIMARY TA_RIDGE 0.5 0 0.1326 0.1
PRIMARY TA_RIDGE 0.5 1 0.1301 0.1
PRIMARY TA_RIDGE 0.5 2 0.1355 0.1
PRIMARY TA_RIDGE 0.75 0 0.1306 0.1
PRIMARY TA_RIDGE 0.75 1 0.1299 0.1
PRIMARY TA_RIDGE 0.75 2 0.1328 0.1
PRIMARY TA_RIDGE 1.0 0 0.1305 0.1
PRIMARY MORGAN_RIDGE 0.25 0 0.1408 0.7
PRIMARY MORGAN_RIDGE 0.25 1 0.1375 0.8
PRIMARY MORGAN_RIDGE 0.25 2 0.1376 0.7
PRIMARY MORGAN_RIDGE 0.5 0 0.1251 1.5
PRIMARY MORGAN_RIDGE 0.5 1 0.13 1.3
PRIMARY MORGAN_RIDGE 0.5 2 0.1314 1.2
PRIMARY MORGAN_RIDGE 0.75 0 0.1261 2.3
PRIMARY MORGAN_RIDGE 0.75 1 0.1253 2.3
PRIMARY MORGAN_RIDGE 0.75 2 0.1249 2.3
PRIMARY MORGAN_RIDGE 1.0 0 0.1239 3.2
STRICT B1_MASS 0.25 0 0.1523 0.3
STRICT B1_MASS 0.25 1 0.1579 0.3
STRICT B1_MASS 0.25 2 0.1586 0.3
STRICT B1_MASS 0.5 0 0.1512 0.4
STRICT B1_MASS 0.5 1 0.1518 0.4
STRICT B1_MASS 0.5 2 0.1472 0.4
STRICT B1_MASS 0.75 0 0.1498 0.5
STRICT B1_MASS 0.75 1 0.1488 0.5
STRICT B1_MASS 0.75 2 0.1477 0.5
STRICT B1_MASS 1.0 0 0.1483 0.6
STRICT TA_RIDGE 0.25 0 0.1372 0.1
STRICT TA_RIDGE 0.25 1 0.1364 0.1
STRICT TA_RIDGE 0.25 2 0.1417 0.1
STRICT TA_RIDGE 0.5 0 0.136 0.1
STRICT TA_RIDGE 0.5 1 0.1359 0.1
STRICT TA_RIDGE 0.5 2 0.135 0.1
STRICT TA_RIDGE 0.75 0 0.1344 0.1
STRICT TA_RIDGE 0.75 1 0.1334 0.1
STRICT TA_RIDGE 0.75 2 0.1336 0.1
STRICT TA_RIDGE 1.0 0 0.1327 0.1
STRICT MORGAN_RIDGE 0.25 0 0.138 0.8
STRICT MORGAN_RIDGE 0.25 1 0.1449 0.8
STRICT MORGAN_RIDGE 0.25 2 0.1399 0.7
STRICT MORGAN_RIDGE 0.5 0 0.1314 1.5
STRICT MORGAN_RIDGE 0.5 1 0.1366 1.3
STRICT MORGAN_RIDGE 0.5 2 0.1332 1.5
STRICT MORGAN_RIDGE 0.75 0 0.1314 2.1
STRICT MORGAN_RIDGE 0.75 1 0.1296 2.2
STRICT MORGAN_RIDGE 0.75 2 0.1307 2.1
STRICT MORGAN_RIDGE 1.0 0 0.1305 3.3
RANDOM B1_MASS 0.25 0 0.148 0.3
RANDOM B1_MASS 0.25 1 0.146 0.3
RANDOM B1_MASS 0.25 2 0.1474 0.3
RANDOM B1_MASS 0.5 0 0.1461 0.4
RANDOM B1_MASS 0.5 1 0.1459 0.4
RANDOM B1_MASS 0.5 2 0.1471 0.4
RANDOM B1_MASS 0.75 0 0.146 0.5
RANDOM B1_MASS 0.75 1 0.1449 0.5
RANDOM B1_MASS 0.75 2 0.1448 0.5
RANDOM B1_MASS 1.0 0 0.1446 0.6
RANDOM TA_RIDGE 0.25 0 0.1319 0.1
RANDOM TA_RIDGE 0.25 1 0.1354 0.1
RANDOM TA_RIDGE 0.25 2 0.135 0.1
RANDOM TA_RIDGE 0.5 0 0.1314 0.1
RANDOM TA_RIDGE 0.5 1 0.1315 0.1
RANDOM TA_RIDGE 0.5 2 0.1326 0.2
RANDOM TA_RIDGE 0.75 0 0.1306 0.2
RANDOM TA_RIDGE 0.75 1 0.1311 0.2
RANDOM TA_RIDGE 0.75 2 0.1303 0.2
RANDOM TA_RIDGE 1.0 0 0.1306 0.2
RANDOM MORGAN_RIDGE 0.25 0 0.127 0.8
RANDOM MORGAN_RIDGE 0.25 1 0.1308 0.8
RANDOM MORGAN_RIDGE 0.25 2 0.126 0.8
RANDOM MORGAN_RIDGE 0.5 0 0.125 1.3
RANDOM MORGAN_RIDGE 0.5 1 0.1216 1.4
RANDOM MORGAN_RIDGE 0.5 2 0.1222 1.4
RANDOM MORGAN_RIDGE 0.75 0 0.1173 2.1
RANDOM MORGAN_RIDGE 0.75 1 0.1167 2.2
RANDOM MORGAN_RIDGE 0.75 2 0.1179 2.1
RANDOM MORGAN_RIDGE 1.0 0 0.1162 3.2
   partition         model  frac  P1_mean   P1_sd    n_train      AF
0    PRIMARY       B1_MASS  0.25   0.1499  0.0019   253.8000  0.1826
1    PRIMARY       B1_MASS  0.50   0.1488  0.0037   511.7333  0.1774
2    PRIMARY       B1_MASS  0.75   0.1467  0.0012   799.3333  0.1738
3    PRIMARY       B1_MASS  1.00   0.1464     NaN  1060.0000  0.1728
4    PRIMARY  MORGAN_RIDGE  0.25   0.1386  0.0019   253.8000  0.1311
5    PRIMARY  MORGAN_RIDGE  0.50   0.1288  0.0033   511.7333  0.1072
6    PRIMARY  MORGAN_RIDGE  0.75   0.1254  0.0006   799.3333  0.0943
7    PRIMARY  MORGAN_RIDGE  1.00   0.1239     NaN  1060.0000  0.0898
8    PRIMARY      TA_RIDGE  0.25   0.1361  0.0028   253.8000  0.1162
9    PRIMARY      TA_RIDGE  0.50   0.1327  0.0027   511.7333  0.1109
10   PRIMARY      TA_RIDGE  0.75   0.1311  0.0015   799.3333  0.1031
11   PRIMARY      TA_RIDGE  1.00   0.1305     NaN  1060.0000  0.1026
12    RANDOM       B1_MASS  0.25   0.1471  0.0010   265.0000  0.1708
13    RANDOM       B1_MASS  0.50   0.1463  0.0007   530.0000  0.1723
14    RANDOM       B1_MASS  0.75   0.1452  0.0007   795.0000  0.1638
15    RANDOM       B1_MASS  1.00   0.1446     NaN  1060.0000  0.1608
16    RANDOM  MORGAN_RIDGE  0.25   0.1280  0.0025   265.0000  0.0961
17    RANDOM  MORGAN_RIDGE  0.50   0.1229  0.0018   530.0000  0.0815
18    RANDOM  MORGAN_RIDGE  0.75   0.1173  0.0006   795.0000  0.0709
19    RANDOM  MORGAN_RIDGE  1.00   0.1162     NaN  1060.0000  0.0649
20    RANDOM      TA_RIDGE  0.25   0.1341  0.0019   265.0000  0.1182
21    RANDOM      TA_RIDGE  0.50   0.1318  0.0007   530.0000  0.1054
22    RANDOM      TA_RIDGE  0.75   0.1306  0.0004   795.0000  0.0969
23    RANDOM      TA_RIDGE  1.00   0.1306     NaN  1060.0000  0.0958
24    STRICT       B1_MASS  0.25   0.1563  0.0034   241.6000  0.2075
25    STRICT       B1_MASS  0.50   0.1500  0.0025   549.6667  0.1857
26    STRICT       B1_MASS  0.75   0.1488  0.0010   793.1333  0.1761
27    STRICT       B1_MASS  1.00   0.1483     NaN  1060.0000  0.1751
28    STRICT  MORGAN_RIDGE  0.25   0.1409  0.0036   241.6000  0.1391
29    STRICT  MORGAN_RIDGE  0.50   0.1337  0.0026   549.6667  0.1099
30    STRICT  MORGAN_RIDGE  0.75   0.1305  0.0009   793.1333  0.0981
31    STRICT  MORGAN_RIDGE  1.00   0.1305     NaN  1060.0000  0.0958
32    STRICT      TA_RIDGE  0.25   0.1384  0.0029   241.6000  0.1361
33    STRICT      TA_RIDGE  0.50   0.1356  0.0006   549.6667  0.1167
34    STRICT      TA_RIDGE  0.75   0.1338  0.0005   793.1333  0.1087
35    STRICT      TA_RIDGE  1.00   0.1327     NaN  1060.0000  0.1094
{
 "PRIMARY|B1_MASS": {
  "P1_25": 0.14989750174644642,
  "P1_50": 0.1488312302681682,
  "P1_75": 0.14674041975652044,
  "P1_100": 0.14636087900733388,
  "rel_gain_50_to_100": 0.01659833931617149,
  "rel_gain_75_to_100": 0.0025864771943293605
 },
 "PRIMARY|MORGAN_RIDGE": {
  "P1_25": 0.13863140023565032,
  "P1_50": 0.1288234784429572,
  "P1_75": 0.12544057587435403,
  "P1_100": 0.12390944129063122,
  "rel_gain_50_to_100": 0.03814550896870786,
  "rel_gain_75_to_100": 0.012206055122518341
 },
 "PRIMARY|TA_RIDGE": {
  "P1_25": 0.1361140367958628,
  "P1_50": 0.13274689878863746,
  "P1_75": 0.13110576476465555,
  "P1_100": 0.13054598985817814,
  "rel_gain_50_to_100": 0.01657973896598261,
  "rel_gain_75_to_100": 0.004269643729871398
 },
 "RANDOM|B1_MASS": {
  "P1_25": 0.14712594655746017,
  "P1_50": 0.14634078752651922,
  "P1_75": 0.14524020792987066,
  "P1_100": 0.1446384065241205,
  "rel_gain_50_to_100": 0.011632990577491767,
  "rel_gain_75_to_100": 0.004143490389663645
 },
 "RANDOM|MORGAN_RIDGE": {
  "P1_25": 0.12795503728488697,
  "P1_50": 0.12291473782253541,
  "P1_75": 0.11731015545547356,
  "P1_100": 0.11616302066478375,
  "rel_gain_50_to_100": 0.054930086313162936,
  "rel_gain_75_to_100": 0.009778648627954651
 },
 "RANDOM|TA_RIDGE": {
  "P1_25": 0.13408802528173128,
  "P1_50": 0.13182187608324028,
  "P1_75": 0.13064855029196493,
  "P1_100": 0.13061029545754754,
  "rel_gain_50_to_100": 0.009191043715139303,
  "rel_gain_75_to_100": 0.0002928071863935301
 },
 "STRICT|B1_MASS": {
  "P1_25": 0.1562707989021402,
  "P1_50": 0.15003575863532037,
  "P1_75": 0.1487643454335445,
  "P1_100": 0.14828178025907998,
  "rel_gain_50_to_100": 0.01169040228938783,
  "rel_gain_75_to_100": 0.0032438227927409284
 },
 "STRICT|MORGAN_RIDGE": {
  "P1_25": 0.14092351483289114,
  "P1_50": 0.13372506753840016,
  "P1_75": 0.13053937241122757,
  "P1_100": 0.13047429882860298,
  "rel_gain_50_to_100": 0.024309344310958735,
  "rel_gain_75_to_100": 0.0004984977438039941
 },
 "STRICT|TA_RIDGE": {
  "P1_25": 0.13843229440907723,
  "P1_50": 0.13561483458358672,
  "P1_75": 0.13381254288838915,
  "P1_100": 0.13268637788545154,
  "rel_gain_50_to_100": 0.02159392596781305,
  "rel_gain_75_to_100": 0.008415989851391754
 }
}
